I906 | zenoh_actor.cpp: 298 | Received message on topic 'dst/esp1/ota' 
I 00:zenoh_actor.cpp: 298 | Received message on topic 'dst/esp1I 00:16:3ta_actor.cpp:  25 | OTA_BEGIN
I 00:16:35.676 | zenoh_actor.cpp: 298 | Received message on topic 'dst/esp1/ota' 
I 00:16:36.107ap size: 193072 biggest block : 110592 
I00:16:41.106 |        main.cppe heap sizegest block : 110592 
ets Jun  8 2016 00:22:57

rst:0x1 (POWERON_RESET),boot:0x13 (SPI_FAST_FLASH_BOOT)
e Jun  8 2016 00:22:57

rst:0x10 (RTCWDT_RTC_RESET),boot:0x13 (SPI_FAT_FLASH_BOOT)
configsdrv:0x00,q_drv:0x00,d_drdrv:0x00
mde:DIO, clock div:2
load:0x3fff0064
ho 0 ta4
load:0x4080404,len:3904
entry I (31) boot: ESP-IDF 5.3.1 2nd stage bootloader
I (31) boot: compile time Feb 26 2025 23:14:12
I (31) boot: Multicore bootloader
I (35) boot: chip revision: v0.0
I (39) boot.esp32: SPI Speed      : 40MHz
I (44) boot.esp32: SPI Mode       : DIO
I (48) boot.esp32: SPI Flash Size : 4MB
I (53) boot: Enabling RNG early entropy source...
I (58) boot: Partition Table:
I (62) boot: ## Label            Usage          Type ST Offset   Length
I (69) boot:  0 nvs              WiFi data        01 02 00009000 00005000
I (77) boot:  1 otadata          OTA data         01 00 0000e000 00002000
I (84) boot:  2 app0             OTA app          00 10 00010000 00140000
I (91) boot:  3 app1             OTA app          00 11 00150000 00140000
I (99) boot:  4 spiffs           Unknown data     01 82 00290000 00160000
I (106) boot:  5 coredump         Unknown data     01 03 003f0000 00010000
I (114) boot: End of partition table
I (118) esp_image: segment 0: paddr=00010020 vaddr=3f400020 size=234cch (144588) map
I (176) esp_image: segment 1: paddr=000334f4 vaddr=3ffb0000 size=0400ch ( 16396) load
I (183) esp_image: segment 2: paddr=00037508 vaddr=40080000 size=08b10h ( 35600) load
I (197) esp_image: segment 3: paddr=00040020 vaddr=400d0020 size=a62fch (680700) map
I (430) esp_image: segment 4: paddr=000e6324 vaddr=40088b10 size=0e898h  59544) load
I (466) boot: Loaded apion at offset 0x10000m
 (466) bot: Disabling RNG earlyentropy source...
I (478) cpu_start: Multicore app
I (86) cpu_stastart user 0;32mI (486 cpu_start: cpu freq: 160000000 Hz
I (486) app_init: Appormation:
I(489) app_nit: Project name:    0m
 (494) app_nit: App vesion:      6d5def7-dirty
I (500) app_init: Compile time28
I (506) app_init: ELF file SHA256:  44142955e...
I (511) app_init: ESP-IDF:          5.3.1
I (516) efuse_init: Min chip rev:     v0.0
I (520) efuse_init: Max chip rev:     v3.99 I (525) efuse_init: Chip rev:         v0.0
I (530) heap_init: Initializing. RAM vailable f[0m
p_init: At 3FFAE6E0 len 00001920 (6
I (543) heap_init: At 3FFB96F8 len 00026908 (154 KiB): DRAM
I (550) heap_init:  D/IRAM
I (556) heap_init: At 3FFE41BCB0 (111 KiB): D/IRAM[0m
I (562) heap_init: At 400973A8 len 00008C58 (35 KiB): IRAM
I (570) pi_flash: detected chip: gd
0:00:00.009 |         reated [5][4]
I 00:00:00.013 |  nnel created [5][4]
I 00:00:00.019 |        29 | Channel created [5][4]
I 00:00:00.024 |         actor.h:  29 | Channel created [5][4]
I 00:00:00.030 |         actor.h:  29 | Channel created [5][4]
I (606) min_task: Started on CPU0
ain()
I 00:00:00.072 |       actor.cpp: 179 |  starting Thread actors on core 0 
I 00:00:00.073 |       actor.cpp: 243 | starting Thread actors
I(656) wifir task: 3ffc40bc, prio:23, stack:6656, core=0
I (666) wifi:wifi firmware version: ccaebfa
I (666) wifi:wifi certification version: v7.0
I (666) wifi:config NVS flash: enabled
I (666) wifi:config nanI (666) wifi:Init data frame dynamic rx buffer num: 32
I (676) wifi:Init static rx mgmt buffer num: 5
I (676) wifi:Init management short buffer num: 32
I (686) wifi:Init dynamic tx buffer num: 32
I (686)static rx bufer size: 600
I (696) wifi:Init static rx buffer num: 10
I (696) wifi:Init dynamic rx buffer num: 32
I 696) wifi_init: rx ba win: 6
t: accept mbox: 6
[0;32mI (706) wifi_init: tcpip mb6) wifi_init: udp mbox: 6
I (716) wifi_init: tcp mbox: 6
I (716) wif tx win: 5760
I (726) wifi_init: tcp rx win: 5760
I (726) wifi_init: tcp mss: 1440
I (726) wifi_init: WiFi IRAM OP enabled
I 736) wifi_X IRAM OP eabled
[0;32mI (76) phy_init phy_versio 4830,54550f7,Jun 20 28
I(826)wifi:mode : sta (24:0a:c4:81:e0:38)
I (826) wifi:enable tsf
I00:00:00.264 |  wifi_actor.cpp: 143 |WiFi STA started
(836) wifi:new:<1,0>, ap:<255,255> sta:<1,0>,d_ch_cfg:0x0fi:state: iit -> auth(0xb0)
I 846) wifi:sate: auth > assoc (0x0)
I (846) wifi:state: assoc -> ru (856) wifi:<ba-add>idx:0 (ifx:0, 00:23:cd:19:fc:f5), tid:0, ssn:0, w (866) wifi:connected w, aid = 1, channel 1, BW 00:23:cd:19fc:f5
I (66) wifi:seurity: WPA-PSK, phy: bgn, rssi:  wifi:pm strt, type: 1 wifi:dp: 1,, li: 3, scanterval fromto 307200 usifi:AP's beaI 00:00:00.356 |  wifi_454 | Max AP number ap_:00:00.357   wifi_actr.cpp: 457  Total APsscanned = 0 actual APnumber ap_i
I 00:00:00.361 |  wifi_actor.cpp: 477 | Highest RSSI =-128, AP i0:00:00.368 |  wifi_actor.cpp:  74 | Scanned 36) wifi:Password length matches WPA2 standards, authmode threshold cOPEN to WPA2
I 00:00:00.383 |  wifi_actor.cpp: 197 | ConiFi network...
I (1186) wifi:<ba-add>idx:1 (ifx:0, 00:23:cd:19:fc:f5), tid:6, ssn:0, winSize:64
;32mI (2386) esp_netif_hand247, mask: 255.255.255.0, gw: 192.168.0.1
I 00:00:01.819 |  wifaddress
I:03.091 | zenoh_actor.cpp: 148 | Own ZID  : cbda7b24f8a3390758e7
I 00:00:03.093 | zenoh_ac | Connected to Router : baecfc36ee7d54d447cd9e9e2babe230
I 00:00:03.097 | zenoh_actor.cpp:  75 | Connected to Zenoh.
I 00:00:03.102 | zenoh_actor.cpp: 213 | DI7 |        main.cpp: 150 |  free heap size: 194920 biggest block : 110592 
I |        main.cpp: 150 |  free hep size: 194768 biggest block : 110592 
